[36mvite v5.4.21 [32mbuilding for production...[36m[39m
transforming...
[32mΓ£ô[39m 1570 modules transformed.
rendering chunks...
computing gzip size...
[2mdist/[22m[32mindex.html                 [39m[1m[2m  0.62 kB[22m[1m[22m[2m Γöé gzip:   0.45 kB[22m
[2mdist/[22m[35massets/index-CwZ1LH06.css  [39m[1m[2m 50.73 kB[22m[1m[22m[2m Γöé gzip:  12.82 kB[22m
[2mdist/[22m[36massets/index-DoqpvOuL.js   [39m[1m[2m417.20 kB[22m[1m[22m[2m Γöé gzip: 122.61 kB[22m
[32mΓ£ô built in 4.48s[39m
